// Jest Snapshot v1, https://goo.gl/fbAQLP

exports[`Logo renders correctly 1`] = `
.css-0,
[data-css-0] {
  box-sizing: border-box;
  flex: 0 0 auto;
  -webkit-flex: 0 0 auto;
}

.css-1,
[data-css-1] {
  background-image: url(/static/img/allthings-logo.svg);
}

<div
  data-css-0=""
  onClick={undefined}
  style={
    Object {
      "height": "auto",
      "width": undefined,
    }
  }
>
  <div
    alt="Allthings"
    data-css-0=""
    data-css-1=""
    height="100%"
    width="100%"
  />
</div>
`;
