// Jest Snapshot v1, https://goo.gl/fbAQLP

exports[`Pill renders without error 1`] = `
.css-9j98ks,
[data-css-9j98ks] {
  background-color: #3598db;
  display: inline-block;
  border-radius: 10px;
  padding: 2px 15px;
  cursor: default;
}

.css-4p3ux5,
[data-css-4p3ux5] {
  box-sizing: border-box;
  flex: 0 0 auto;
  -webkit-flex: 0 0 auto;
}

.css-7xie1s,
[data-css-7xie1s] {
  display: block;
  font-family: "Open Sans", Helvetica, Arial, sans-serif;
  font-weight: 600;
  font-size: 12px;
  -webkit-font-smoothing: antialiased;
  -moz-osx-font-smoothing: grayscale;
  color: #ffffff;
}

<div
  data-css-4p3ux5=""
  data-css-9j98ks=""
>
  <div
    data-css-4p3ux5=""
    data-css-7xie1s=""
  >
    Important message
  </div>
</div>
`;
