// Jest Snapshot v1, https://goo.gl/fbAQLP

exports[`<RadioButton /> should render without error 1`] = `
.css-0,
[data-css-0] {
  margin-right: 40px;
  width: auto;
}

.css-1,
[data-css-1] {
  opacity: 0;
  margin: 0;
}

.css-2,
[data-css-2] {
  box-sizing: border-box;
  flex: 0 0 auto;
  -webkit-flex: 0 0 auto;
}

.css-3,
[data-css-3] {
  position: relative;
}

.css-4,
[data-css-4] {
  box-sizing: border-box;
  align-content: center;
  align-items: center;
  display: -webkit-box;
  display: -moz-box;
  display: -ms-flexbox;
  display: -webkit-flex;
  display: flex;
  flex-direction: row;
  justify-content: center;
  flex: 0 0 auto;
  -webkit-align-content: center;
  -webkit-box-align: center;
  -webkit-align-items: center;
  -webkit-box-orient: horizontal;
  -webkit-box-direction: normal;
  -webkit-flex-direction: row;
  -webkit-box-pack: center;
  -webkit-justify-content: center;
  -webkit-flex: 0 0 auto;
}

.css-5,
[data-css-5] {
  position: relative;
  top: 10px;
}

.css-6,
[data-css-6] {
  background-color: lightGrey;
  border-radius: 50%;
  height: 20px;
  width: 20px;
  transition: background-color 120ms linear;
  -webkit-transition: background-color 120ms linear;
  -moz-transition: background-color 120ms linear;
}

.css-7,
[data-css-7] {
  box-sizing: border-box;
  align-content: center;
  align-items: center;
  display: -webkit-box;
  display: -moz-box;
  display: -ms-flexbox;
  display: -webkit-flex;
  display: flex;
  flex-direction: column;
  justify-content: center;
  flex: 0 0 auto;
  -webkit-align-content: center;
  -webkit-box-align: center;
  -webkit-align-items: center;
  -webkit-box-orient: vertical;
  -webkit-box-direction: normal;
  -webkit-flex-direction: column;
  -webkit-box-pack: center;
  -webkit-justify-content: center;
  -webkit-flex: 0 0 auto;
}

.css-8,
[data-css-8] {
  background-color: white;
  border-radius: 50%;
  height: 16px;
  width: 16px;
  transition: background-color 120ms linear;
  -webkit-transition: background-color 120ms linear;
  -moz-transition: background-color 120ms linear;
}

.css-9,
[data-css-9] {
  background-color: white;
  border-radius: 50%;
  height: 10px;
  width: 10px;
  transition: background-color 120ms linear;
  -webkit-transition: background-color 120ms linear;
  -moz-transition: background-color 120ms linear;
}

.css-10,
[data-css-10] {
  position: relative;
  top: -8px;
}

.css-11,
[data-css-11] {
  position: absolute;
  top: 0;
  right: 0;
  left: 0;
  bottom: 0;
}

<div
  data-css-0=""
  data-css-2=""
  required={false}
>
  <div
    data-css-3=""
    data-css-4=""
  >
    <label
      data-css-2=""
    >
      <div
        data-css-5=""
        data-css-2=""
      >
        <div
          data-css-6=""
          data-css-7=""
        >
          <div
            data-css-8=""
            data-css-7=""
          >
            <div
              data-css-9=""
              data-css-7=""
            />
          </div>
        </div>
      </div>
      <div
        data-css-2=""
        data-css-10=""
        style={
          Object {
            "marginLeft": 30,
          }
        }
      />
      <div
        data-css-2=""
        data-css-11=""
      >
        <input
          data-css-1=""
          id="white"
          onChange={[Function]}
          type="radio"
          value="white"
        />
      </div>
    </label>
  </div>
</div>
`;
